
> react-typescript-starter@0.1.0 test
> react-scripts test --coverage

Browserslist: caniuse-lite is outdated. Please run:
  npx browserslist@latest --update-db
  Why you should do it regularly: https://github.com/browserslist/browserslist#browsers-data-updating
  console.error
    Error: Uncaught [Error: useRoutes() may be used only in the context of a <Router> component.]
        at reportException (/home/runner/work/275-Final-Project/275-Final-Project/node_modules/jsdom/lib/jsdom/living/helpers/runtime-script-errors.js:66:24)
        at innerInvokeEventListeners (/home/runner/work/275-Final-Project/275-Final-Project/node_modules/jsdom/lib/jsdom/living/events/EventTarget-impl.js:341:9)
        at invokeEventListeners (/home/runner/work/275-Final-Project/275-Final-Project/node_modules/jsdom/lib/jsdom/living/events/EventTarget-impl.js:274:3)
        at HTMLUnknownElementImpl._dispatch (/home/runner/work/275-Final-Project/275-Final-Project/node_modules/jsdom/lib/jsdom/living/events/EventTarget-impl.js:221:9)
        at HTMLUnknownElementImpl.dispatchEvent (/home/runner/work/275-Final-Project/275-Final-Project/node_modules/jsdom/lib/jsdom/living/events/EventTarget-impl.js:94:17)
        at HTMLUnknownElement.dispatchEvent (/home/runner/work/275-Final-Project/275-Final-Project/node_modules/jsdom/lib/jsdom/living/generated/EventTarget.js:231:34)
        at Object.invokeGuardedCallbackDev (/home/runner/work/275-Final-Project/275-Final-Project/node_modules/react-dom/cjs/react-dom.development.js:3994:16)
        at invokeGuardedCallback (/home/runner/work/275-Final-Project/275-Final-Project/node_modules/react-dom/cjs/react-dom.development.js:4056:31)
        at beginWork$1 (/home/runner/work/275-Final-Project/275-Final-Project/node_modules/react-dom/cjs/react-dom.development.js:23964:7)
        at performUnitOfWork (/home/runner/work/275-Final-Project/275-Final-Project/node_modules/react-dom/cjs/react-dom.development.js:22779:12) Error: useRoutes() may be used only in the context of a <Router> component.
        at Object.invariant [as UNSAFE_invariant] (/home/runner/work/275-Final-Project/275-Final-Project/node_modules/@remix-run/router/history.ts:480:11)
        at useRoutes (/home/runner/work/275-Final-Project/275-Final-Project/node_modules/react-router/lib/hooks.tsx:307:3)
        at Routes (/home/runner/work/275-Final-Project/275-Final-Project/node_modules/react-router/lib/components.tsx:404:10)
        at renderWithHooks (/home/runner/work/275-Final-Project/275-Final-Project/node_modules/react-dom/cjs/react-dom.development.js:14985:18)
        at mountIndeterminateComponent (/home/runner/work/275-Final-Project/275-Final-Project/node_modules/react-dom/cjs/react-dom.development.js:17811:13)
        at beginWork (/home/runner/work/275-Final-Project/275-Final-Project/node_modules/react-dom/cjs/react-dom.development.js:19049:16)
        at HTMLUnknownElement.callCallback (/home/runner/work/275-Final-Project/275-Final-Project/node_modules/react-dom/cjs/react-dom.development.js:3945:14)
        at HTMLUnknownElement.callTheUserObjectsOperation (/home/runner/work/275-Final-Project/275-Final-Project/node_modules/jsdom/lib/jsdom/living/generated/EventListener.js:26:30)
        at innerInvokeEventListeners (/home/runner/work/275-Final-Project/275-Final-Project/node_modules/jsdom/lib/jsdom/living/events/EventTarget-impl.js:338:25)
        at invokeEventListeners (/home/runner/work/275-Final-Project/275-Final-Project/node_modules/jsdom/lib/jsdom/living/events/EventTarget-impl.js:274:3)
        at HTMLUnknownElementImpl._dispatch (/home/runner/work/275-Final-Project/275-Final-Project/node_modules/jsdom/lib/jsdom/living/events/EventTarget-impl.js:221:9)
        at HTMLUnknownElementImpl.dispatchEvent (/home/runner/work/275-Final-Project/275-Final-Project/node_modules/jsdom/lib/jsdom/living/events/EventTarget-impl.js:94:17)
        at HTMLUnknownElement.dispatchEvent (/home/runner/work/275-Final-Project/275-Final-Project/node_modules/jsdom/lib/jsdom/living/generated/EventTarget.js:231:34)
        at Object.invokeGuardedCallbackDev (/home/runner/work/275-Final-Project/275-Final-Project/node_modules/react-dom/cjs/react-dom.development.js:3994:16)
        at invokeGuardedCallback (/home/runner/work/275-Final-Project/275-Final-Project/node_modules/react-dom/cjs/react-dom.development.js:4056:31)
        at beginWork$1 (/home/runner/work/275-Final-Project/275-Final-Project/node_modules/react-dom/cjs/react-dom.development.js:23964:7)
        at performUnitOfWork (/home/runner/work/275-Final-Project/275-Final-Project/node_modules/react-dom/cjs/react-dom.development.js:22779:12)
        at workLoopSync (/home/runner/work/275-Final-Project/275-Final-Project/node_modules/react-dom/cjs/react-dom.development.js:22707:5)
        at renderRootSync (/home/runner/work/275-Final-Project/275-Final-Project/node_modules/react-dom/cjs/react-dom.development.js:22670:7)
        at performSyncWorkOnRoot (/home/runner/work/275-Final-Project/275-Final-Project/node_modules/react-dom/cjs/react-dom.development.js:22293:18)
        at scheduleUpdateOnFiber (/home/runner/work/275-Final-Project/275-Final-Project/node_modules/react-dom/cjs/react-dom.development.js:21881:7)
        at updateContainer (/home/runner/work/275-Final-Project/275-Final-Project/node_modules/react-dom/cjs/react-dom.development.js:25482:3)
        at /home/runner/work/275-Final-Project/275-Final-Project/node_modules/react-dom/cjs/react-dom.development.js:26021:7
        at unbatchedUpdates (/home/runner/work/275-Final-Project/275-Final-Project/node_modules/react-dom/cjs/react-dom.development.js:22431:12)
        at legacyRenderSubtreeIntoContainer (/home/runner/work/275-Final-Project/275-Final-Project/node_modules/react-dom/cjs/react-dom.development.js:26020:5)
        at Object.render (/home/runner/work/275-Final-Project/275-Final-Project/node_modules/react-dom/cjs/react-dom.development.js:26103:10)
        at /home/runner/work/275-Final-Project/275-Final-Project/node_modules/@testing-library/react/dist/pure.js:101:25
        at batchedUpdates$1 (/home/runner/work/275-Final-Project/275-Final-Project/node_modules/react-dom/cjs/react-dom.development.js:22380:12)
        at act (/home/runner/work/275-Final-Project/275-Final-Project/node_modules/react-dom/cjs/react-dom-test-utils.development.js:1042:14)
        at render (/home/runner/work/275-Final-Project/275-Final-Project/node_modules/@testing-library/react/dist/pure.js:97:26)
        at Object.<anonymous> (/home/runner/work/275-Final-Project/275-Final-Project/src/App.test.tsx:6:5)
        at Promise.then.completed (/home/runner/work/275-Final-Project/275-Final-Project/node_modules/jest-circus/build/utils.js:391:28)
        at new Promise (<anonymous>)
        at callAsyncCircusFn (/home/runner/work/275-Final-Project/275-Final-Project/node_modules/jest-circus/build/utils.js:316:10)
        at _callCircusTest (/home/runner/work/275-Final-Project/275-Final-Project/node_modules/jest-circus/build/run.js:218:40)
        at _runTest (/home/runner/work/275-Final-Project/275-Final-Project/node_modules/jest-circus/build/run.js:155:3)
        at _runTestsForDescribeBlock (/home/runner/work/275-Final-Project/275-Final-Project/node_modules/jest-circus/build/run.js:66:9)
        at run (/home/runner/work/275-Final-Project/275-Final-Project/node_modules/jest-circus/build/run.js:25:3)
        at runAndTransformResultsToJestFormat (/home/runner/work/275-Final-Project/275-Final-Project/node_modules/jest-circus/build/legacy-code-todo-rewrite/jestAdapterInit.js:170:21)
        at jestAdapter (/home/runner/work/275-Final-Project/275-Final-Project/node_modules/jest-circus/build/legacy-code-todo-rewrite/jestAdapter.js:82:19)
        at runTestInternal (/home/runner/work/275-Final-Project/275-Final-Project/node_modules/jest-runner/build/runTest.js:389:16)
        at runTest (/home/runner/work/275-Final-Project/275-Final-Project/node_modules/jest-runner/build/runTest.js:475:34)
        at TestRunner.runTests (/home/runner/work/275-Final-Project/275-Final-Project/node_modules/jest-runner/build/index.js:111:12)
        at TestScheduler.scheduleTests (/home/runner/work/275-Final-Project/275-Final-Project/node_modules/@jest/core/build/TestScheduler.js:333:13)
        at runJest (/home/runner/work/275-Final-Project/275-Final-Project/node_modules/@jest/core/build/runJest.js:404:19)
        at _run10000 (/home/runner/work/275-Final-Project/275-Final-Project/node_modules/@jest/core/build/cli/index.js:320:7)
        at runCLI (/home/runner/work/275-Final-Project/275-Final-Project/node_modules/@jest/core/build/cli/index.js:173:3)
        at Object.run (/home/runner/work/275-Final-Project/275-Final-Project/node_modules/jest-cli/build/cli/index.js:155:37)

      at VirtualConsole.<anonymous> (node_modules/jsdom/lib/jsdom/virtual-console.js:29:45)
      at reportException (node_modules/jsdom/lib/jsdom/living/helpers/runtime-script-errors.js:70:28)
      at innerInvokeEventListeners (node_modules/jsdom/lib/jsdom/living/events/EventTarget-impl.js:341:9)
      at invokeEventListeners (node_modules/jsdom/lib/jsdom/living/events/EventTarget-impl.js:274:3)
      at HTMLUnknownElementImpl._dispatch (node_modules/jsdom/lib/jsdom/living/events/EventTarget-impl.js:221:9)
      at HTMLUnknownElementImpl.dispatchEvent (node_modules/jsdom/lib/jsdom/living/events/EventTarget-impl.js:94:17)

  console.error
    The above error occurred in the <Routes> component:
    
        at Routes (/home/runner/work/275-Final-Project/275-Final-Project/node_modules/react-router/lib/components.tsx:393:3)
        at div
        at /home/runner/work/275-Final-Project/275-Final-Project/node_modules/react-bootstrap/cjs/Col.js:72:8
        at div
        at /home/runner/work/275-Final-Project/275-Final-Project/node_modules/react-bootstrap/cjs/Container.js:24:3
        at App
    
    Consider adding an error boundary to your tree to customize error handling behavior.
    Visit https://reactjs.org/link/error-boundaries to learn more about error boundaries.

      at logCapturedError (node_modules/react-dom/cjs/react-dom.development.js:20085:23)
      at update.callback (node_modules/react-dom/cjs/react-dom.development.js:20118:5)
      at callCallback (node_modules/react-dom/cjs/react-dom.development.js:12318:12)
      at commitUpdateQueue (node_modules/react-dom/cjs/react-dom.development.js:12339:9)
      at commitLifeCycles (node_modules/react-dom/cjs/react-dom.development.js:20736:11)
      at commitLayoutEffects (node_modules/react-dom/cjs/react-dom.development.js:23426:7)
      at HTMLUnknownElement.callCallback (node_modules/react-dom/cjs/react-dom.development.js:3945:14)

FAIL src/App.test.tsx
  ✕ renders the course name somewhere (243 ms)

  ● renders the course name somewhere

    useRoutes() may be used only in the context of a <Router> component.

      4 |
      5 | test("renders the course name somewhere", () => {
    > 6 |     render(<App />);
        |     ^
      7 |     const linkElement = screen.getByText(/CISC275/i);
      8 |     expect(linkElement).toBeInTheDocument();
      9 | });

      at Object.invariant [as UNSAFE_invariant] (node_modules/@remix-run/router/history.ts:480:11)
      at useRoutes (node_modules/react-router/lib/hooks.tsx:307:3)
      at Routes (node_modules/react-router/lib/components.tsx:404:10)
      at renderWithHooks (node_modules/react-dom/cjs/react-dom.development.js:14985:18)
      at mountIndeterminateComponent (node_modules/react-dom/cjs/react-dom.development.js:17811:13)
      at beginWork (node_modules/react-dom/cjs/react-dom.development.js:19049:16)
      at HTMLUnknownElement.callCallback (node_modules/react-dom/cjs/react-dom.development.js:3945:14)
      at HTMLUnknownElement.callTheUserObjectsOperation (node_modules/jsdom/lib/jsdom/living/generated/EventListener.js:26:30)
      at innerInvokeEventListeners (node_modules/jsdom/lib/jsdom/living/events/EventTarget-impl.js:338:25)
      at invokeEventListeners (node_modules/jsdom/lib/jsdom/living/events/EventTarget-impl.js:274:3)
      at HTMLUnknownElementImpl._dispatch (node_modules/jsdom/lib/jsdom/living/events/EventTarget-impl.js:221:9)
      at HTMLUnknownElementImpl.dispatchEvent (node_modules/jsdom/lib/jsdom/living/events/EventTarget-impl.js:94:17)
      at HTMLUnknownElement.dispatchEvent (node_modules/jsdom/lib/jsdom/living/generated/EventTarget.js:231:34)
      at Object.invokeGuardedCallbackDev (node_modules/react-dom/cjs/react-dom.development.js:3994:16)
      at invokeGuardedCallback (node_modules/react-dom/cjs/react-dom.development.js:4056:31)
      at beginWork$1 (node_modules/react-dom/cjs/react-dom.development.js:23964:7)
      at performUnitOfWork (node_modules/react-dom/cjs/react-dom.development.js:22779:12)
      at workLoopSync (node_modules/react-dom/cjs/react-dom.development.js:22707:5)
      at renderRootSync (node_modules/react-dom/cjs/react-dom.development.js:22670:7)
      at performSyncWorkOnRoot (node_modules/react-dom/cjs/react-dom.development.js:22293:18)
      at scheduleUpdateOnFiber (node_modules/react-dom/cjs/react-dom.development.js:21881:7)
      at updateContainer (node_modules/react-dom/cjs/react-dom.development.js:25482:3)
      at node_modules/react-dom/cjs/react-dom.development.js:26021:7
      at unbatchedUpdates (node_modules/react-dom/cjs/react-dom.development.js:22431:12)
      at legacyRenderSubtreeIntoContainer (node_modules/react-dom/cjs/react-dom.development.js:26020:5)
      at Object.render (node_modules/react-dom/cjs/react-dom.development.js:26103:10)
      at node_modules/@testing-library/react/dist/pure.js:101:25
      at batchedUpdates$1 (node_modules/react-dom/cjs/react-dom.development.js:22380:12)
      at act (node_modules/react-dom/cjs/react-dom-test-utils.development.js:1042:14)
      at render (node_modules/@testing-library/react/dist/pure.js:97:26)
      at Object.<anonymous> (src/App.test.tsx:6:5)
      at TestScheduler.scheduleTests (node_modules/@jest/core/build/TestScheduler.js:333:13)
      at runJest (node_modules/@jest/core/build/runJest.js:404:19)
      at _run10000 (node_modules/@jest/core/build/cli/index.js:320:7)
      at runCLI (node_modules/@jest/core/build/cli/index.js:173:3)

------------------------------|---------|----------|---------|---------|--------------------------------
File                          | % Stmts | % Branch | % Funcs | % Lines | Uncovered Line #s              
------------------------------|---------|----------|---------|---------|--------------------------------
All files                     |   17.11 |    16.66 |    7.01 |   16.93 |                                
 src                          |     100 |      100 |     100 |     100 |                                
  App.tsx                     |     100 |      100 |     100 |     100 |                                
 src/components               |   41.66 |    43.75 |   17.85 |   40.67 |                                
  AuthComponent.tsx           |   43.47 |    42.85 |   11.11 |   43.47 | 22,32-34,38-43,63-96           
  Cart.tsx                    |      50 |      100 |       0 |      50 | 6                              
  Filter.tsx                  |       0 |      100 |       0 |       0 | 5-93                           
  Footer.tsx                  |     100 |       50 |     100 |     100 | 16                             
  HeaderNav.tsx               |      75 |      100 |      50 |   72.72 | 40,44,48                       
  ImageBanner.tsx             |   66.66 |      100 |       0 |   66.66 | 7                              
  Inventory.tsx               |      50 |      100 |       0 |      50 | 7                              
 src/components/product       |       0 |        0 |       0 |       0 |                                
  ProductDisplayComponent.tsx |       0 |        0 |       0 |       0 | 25-102                         
  ProductDisplayGrid.tsx      |       0 |        0 |       0 |       0 | 19-97                          
  ProductFormComponent.tsx    |       0 |        0 |       0 |       0 | 23-124                         
 src/firebase                 |    6.45 |        0 |    1.92 |    6.45 |                                
  firebase.ts                 |       0 |      100 |       0 |       0 | 15-30                          
  firebase_auth.ts            |    6.66 |      100 |    7.14 |    6.66 | 17-33,55-88                    
  firebase_data.ts            |    7.14 |        0 |       0 |    7.14 | 40-163,175-198,209-230,241-281 
 src/interface                |       0 |      100 |       0 |       0 |                                
  account.ts                  |       0 |        0 |       0 |       0 |                                
  cart.ts                     |       0 |      100 |       0 |       0 | 55                             
  product.ts                  |       0 |        0 |       0 |       0 |                                
------------------------------|---------|----------|---------|---------|--------------------------------
Test Suites: 1 failed, 1 total
Tests:       1 failed, 1 total
Snapshots:   0 total
Time:        4.228 s
Ran all test suites.
